// Jest Snapshot v1, https://goo.gl/fbAQLP

exports[`renders UI as expected 1`] = `
<div
  className="App"
>
  <div
    className="landing-page"
  >
    <h1
      className="lp-header"
    >
      BandBridge
    </h1>
    <section
      className="lp-info"
    >
      <h2>
        Find your band
      </h2>
      <p
        className="bb-desc"
      >
        BandBridge helps connect you with artists that share your musical interests. Make an account to join the conversation or continue as a guest to check it out.
      </p>
    </section>
    <section
      className="lp-links-container"
    >
      <div
        className="lp-links"
      >
        <a
          href="/signup"
          onClick={[Function]}
        >
          <button
            className="lp-button"
          >
            Sign up
          </button>
        </a>
        <a
          href="/login"
          onClick={[Function]}
        >
          <button
            className="lp-button"
          >
            Login
          </button>
        </a>
        <a
          href="/posts"
          onClick={[Function]}
        >
          <button
            className="lp-button"
          >
            Guest
          </button>
        </a>
      </div>
    </section>
  </div>
</div>
`;
